
> gui-web-cme@0.0.0 start
> ng serve --host 127.0.0.1 --port 4200

[33m>[39m Building...
[32m√[39m Building...
[1mInitial chunk files[22m[2m | [22m[1mNames[22m         [2m | [22m [1mRaw size[22m
[32mstyles.css[39m         [2m | [22m[2mstyles[22m        [2m | [22m[36m510.37 kB[39m[2m | [22m
[32mpolyfills.js[39m       [2m | [22m[2mpolyfills[22m     [2m | [22m [36m89.77 kB[39m[2m | [22m
[32mmain.js[39m            [2m | [22m[2mmain[22m          [2m | [22m [36m34.55 kB[39m[2m | [22m
[32mchunk-3G4YX53N.js[39m  [2m | [22m[2m-[22m             [2m | [22m [36m18.48 kB[39m[2m | [22m

[1m [22m                  [2m | [22m[1mInitial total[22m [2m | [22m[1m653.16 kB[22m

[1mLazy chunk files[22m   [2m | [22m[1mNames[22m         [2m | [22m [1mRaw size[22m
[32mchunk-R7IOHAZA.js[39m  [2m | [22m[2mprivado-module[22m[2m | [22m  [36m1.69 MB[39m[2m | [22m
[32mchunk-I6QKWZQB.js[39m  [2m | [22m[2mpublico-module[22m[2m | [22m[36m200.02 kB[39m[2m | [22m
[32mchunk-I5EJQD4K.js[39m  [2m | [22m[2m-[22m             [2m | [22m[36m131.92 kB[39m[2m | [22m

Application bundle generation complete. [17.000 seconds]

Watch mode enabled. Watching for file changes...
NOTE: Raw file sizes do not reflect development server per-request transformations.
[2m9:53:18 a.m.[22m [36m[1m[vite][22m[39m [34m[2m(ssr)[22m[39m Re-optimizing dependencies because lockfile has changed
[2m9:53:18 a.m.[22m [36m[1m[vite][22m[39m [90m[2m(client)[22m[39m Re-optimizing dependencies because lockfile has changed
  [32m➜[39m  [1mLocal[22m:   [36mhttp://127.0.0.1:[1m4200[22m/[39m
[33m>[39m Changes detected. Rebuilding...
[32m√[39m Changes detected. Rebuilding...
[1mInitial chunk files[22m[2m | [22m[1mNames[22m         [2m | [22m [1mRaw size[22m
[32mmain.js[39m            [2m | [22m[2mmain[22m          [2m | [22m [36m34.55 kB[39m[2m | [22m

[1mLazy chunk files[22m   [2m | [22m[1mNames[22m         [2m | [22m [1mRaw size[22m
[32mchunk-D77YZQXP.js[39m  [2m | [22m[2mprivado-module[22m[2m | [22m  [36m1.69 MB[39m[2m | [22m
[32mchunk-64UUYHDQ.js[39m  [2m | [22m[2mpublico-module[22m[2m | [22m[36m200.02 kB[39m[2m | [22m
[32mchunk-CCHF55OU.js[39m  [2m | [22m[2m-[22m             [2m | [22m[36m131.92 kB[39m[2m | [22m

Application bundle generation complete. [15.261 seconds]

Page reload sent to client(s).
[33m>[39m Changes detected. Rebuilding...
[32m√[39m Changes detected. Rebuilding...
[1mInitial chunk files[22m[2m | [22m[1mNames[22m         [2m | [22m[1mRaw size[22m
[32mmain.js[39m            [2m | [22m[2mmain[22m          [2m | [22m[36m34.55 kB[39m[2m | [22m

[1mLazy chunk files[22m   [2m | [22m[1mNames[22m         [2m | [22m[1mRaw size[22m
[32mchunk-NKRVYCDY.js[39m  [2m | [22m[2mprivado-module[22m[2m | [22m [36m1.69 MB[39m[2m | [22m

Application bundle generation complete. [3.205 seconds]

Page reload sent to client(s).
[33m>[39m Changes detected. Rebuilding...
[32m√[39m Changes detected. Rebuilding...
[1mInitial chunk files[22m[2m | [22m[1mNames[22m         [2m | [22m[1mRaw size[22m
[32mmain.js[39m            [2m | [22m[2mmain[22m          [2m | [22m[36m34.55 kB[39m[2m | [22m

[1mLazy chunk files[22m   [2m | [22m[1mNames[22m         [2m | [22m[1mRaw size[22m
[32mchunk-AJYE3LSW.js[39m  [2m | [22m[2mprivado-module[22m[2m | [22m [36m1.69 MB[39m[2m | [22m

Application bundle generation complete. [3.535 seconds]

Page reload sent to client(s).
[33m>[39m Changes detected. Rebuilding...
[32m√[39m Changes detected. Rebuilding...
Application bundle generation failed. [2.285 seconds]

[33m>[39m Changes detected. Rebuilding...
[32m√[39m Changes detected. Rebuilding...
[1mInitial chunk files[22m[2m | [22m[1mNames[22m         [2m | [22m [1mRaw size[22m
[32mstyles.css[39m         [2m | [22m[2mstyles[22m        [2m | [22m[36m510.37 kB[39m[2m | [22m
[32mpolyfills.js[39m       [2m | [22m[2mpolyfills[22m     [2m | [22m [36m89.77 kB[39m[2m | [22m
[32mmain.js[39m            [2m | [22m[2mmain[22m          [2m | [22m [36m34.55 kB[39m[2m | [22m
[32mchunk-WLBLP3IR.js[39m  [2m | [22m[2m-[22m             [2m | [22m [36m18.32 kB[39m[2m | [22m

[1m [22m                  [2m | [22m[1mInitial total[22m [2m | [22m[1m653.00 kB[22m

[1mLazy chunk files[22m   [2m | [22m[1mNames[22m         [2m | [22m [1mRaw size[22m
[32mchunk-NQNSH34P.js[39m  [2m | [22m[2mprivado-module[22m[2m | [22m  [36m1.61 MB[39m[2m | [22m
[32mchunk-DV3STXHZ.js[39m  [2m | [22m[2mpublico-module[22m[2m | [22m[36m200.02 kB[39m[2m | [22m
[32mchunk-ZQMAX7FQ.js[39m  [2m | [22m[2m-[22m             [2m | [22m[36m131.86 kB[39m[2m | [22m

Application bundle generation complete. [7.576 seconds]

Page reload sent to client(s).
[33m>[39m Changes detected. Rebuilding...
[32m√[39m Changes detected. Rebuilding...
[1mInitial chunk files[22m[2m | [22m[1mNames[22m         [2m | [22m [1mRaw size[22m
[32mmain.js[39m            [2m | [22m[2mmain[22m          [2m | [22m [36m34.55 kB[39m[2m | [22m
[32mchunk-SDG6ZGDD.js[39m  [2m | [22m[2m-[22m             [2m | [22m [36m18.38 kB[39m[2m | [22m

[1mLazy chunk files[22m   [2m | [22m[1mNames[22m         [2m | [22m [1mRaw size[22m
[32mchunk-KXCSWX3A.js[39m  [2m | [22m[2mprivado-module[22m[2m | [22m  [36m1.65 MB[39m[2m | [22m
[32mchunk-D76NXR5I.js[39m  [2m | [22m[2mpublico-module[22m[2m | [22m[36m200.02 kB[39m[2m | [22m
[32mchunk-PT2G2LOS.js[39m  [2m | [22m[2m-[22m             [2m | [22m[36m131.93 kB[39m[2m | [22m

Application bundle generation complete. [7.453 seconds]

Page reload sent to client(s).
[33m>[39m Changes detected. Rebuilding...
[32m√[39m Changes detected. Rebuilding...
[1mInitial chunk files[22m[2m | [22m[1mNames[22m         [2m | [22m [1mRaw size[22m
[32mmain.js[39m            [2m | [22m[2mmain[22m          [2m | [22m [36m34.55 kB[39m[2m | [22m

[1mLazy chunk files[22m   [2m | [22m[1mNames[22m         [2m | [22m [1mRaw size[22m
[32mchunk-26IW3GI4.js[39m  [2m | [22m[2mprivado-module[22m[2m | [22m  [36m1.65 MB[39m[2m | [22m
[32mchunk-2KBS4I2C.js[39m  [2m | [22m[2mpublico-module[22m[2m | [22m[36m200.02 kB[39m[2m | [22m
[32mchunk-L7DXIWVZ.js[39m  [2m | [22m[2m-[22m             [2m | [22m[36m131.89 kB[39m[2m | [22m

Application bundle generation complete. [3.464 seconds]

Page reload sent to client(s).
[33m>[39m Changes detected. Rebuilding...
[32m√[39m Changes detected. Rebuilding...
[1mInitial chunk files[22m[2m | [22m[1mNames[22m         [2m | [22m [1mRaw size[22m
[32mmain.js[39m            [2m | [22m[2mmain[22m          [2m | [22m [36m34.55 kB[39m[2m | [22m

[1mLazy chunk files[22m   [2m | [22m[1mNames[22m         [2m | [22m [1mRaw size[22m
[32mchunk-KXCSWX3A.js[39m  [2m | [22m[2mprivado-module[22m[2m | [22m  [36m1.65 MB[39m[2m | [22m
[32mchunk-D76NXR5I.js[39m  [2m | [22m[2mpublico-module[22m[2m | [22m[36m200.02 kB[39m[2m | [22m
[32mchunk-PT2G2LOS.js[39m  [2m | [22m[2m-[22m             [2m | [22m[36m131.93 kB[39m[2m | [22m

Application bundle generation complete. [3.390 seconds]

Page reload sent to client(s).
[33m>[39m Changes detected. Rebuilding...
[32m√[39m Changes detected. Rebuilding...
Application bundle generation failed. [4.758 seconds]

[33m>[39m Changes detected. Rebuilding...
[32m√[39m Changes detected. Rebuilding...
Application bundle generation failed. [6.388 seconds]

[33m>[39m Changes detected. Rebuilding...
[32m√[39m Changes detected. Rebuilding...
[1mInitial chunk files[22m[2m | [22m[1mNames[22m         [2m | [22m [1mRaw size[22m
[32mstyles.css[39m         [2m | [22m[2mstyles[22m        [2m | [22m[36m510.37 kB[39m[2m | [22m
[32mpolyfills.js[39m       [2m | [22m[2mpolyfills[22m     [2m | [22m [36m89.77 kB[39m[2m | [22m
[32mmain.js[39m            [2m | [22m[2mmain[22m          [2m | [22m [36m34.55 kB[39m[2m | [22m
[32mchunk-3G4YX53N.js[39m  [2m | [22m[2m-[22m             [2m | [22m [36m18.48 kB[39m[2m | [22m

[1m [22m                  [2m | [22m[1mInitial total[22m [2m | [22m[1m653.16 kB[22m

[1mLazy chunk files[22m   [2m | [22m[1mNames[22m         [2m | [22m [1mRaw size[22m
[32mchunk-5QFKBZLW.js[39m  [2m | [22m[2mprivado-module[22m[2m | [22m  [36m1.69 MB[39m[2m | [22m
[32mchunk-YWL5NFRB.js[39m  [2m | [22m[2mpublico-module[22m[2m | [22m[36m200.02 kB[39m[2m | [22m
[32mchunk-TYPJFJQ7.js[39m  [2m | [22m[2m-[22m             [2m | [22m[36m131.96 kB[39m[2m | [22m

Application bundle generation complete. [3.589 seconds]

Page reload sent to client(s).
[33m>[39m Changes detected. Rebuilding...
[32m√[39m Changes detected. Rebuilding...
[1mInitial chunk files[22m[2m | [22m[1mNames[22m         [2m | [22m [1mRaw size[22m
[32mmain.js[39m            [2m | [22m[2mmain[22m          [2m | [22m [36m34.55 kB[39m[2m | [22m
[32mchunk-SDG6ZGDD.js[39m  [2m | [22m[2m-[22m             [2m | [22m [36m18.38 kB[39m[2m | [22m

[1mLazy chunk files[22m   [2m | [22m[1mNames[22m         [2m | [22m [1mRaw size[22m
[32mchunk-KXCSWX3A.js[39m  [2m | [22m[2mprivado-module[22m[2m | [22m  [36m1.65 MB[39m[2m | [22m
[32mchunk-D76NXR5I.js[39m  [2m | [22m[2mpublico-module[22m[2m | [22m[36m200.02 kB[39m[2m | [22m
[32mchunk-PT2G2LOS.js[39m  [2m | [22m[2m-[22m             [2m | [22m[36m131.93 kB[39m[2m | [22m

Application bundle generation complete. [15.927 seconds]

Page reload sent to client(s).
[33m>[39m Changes detected. Rebuilding...
[32m√[39m Changes detected. Rebuilding...
[1mInitial chunk files[22m[2m | [22m[1mNames[22m         [2m | [22m [1mRaw size[22m
[32mmain.js[39m            [2m | [22m[2mmain[22m          [2m | [22m [36m34.55 kB[39m[2m | [22m
[32mchunk-3G4YX53N.js[39m  [2m | [22m[2m-[22m             [2m | [22m [36m18.48 kB[39m[2m | [22m

[1mLazy chunk files[22m   [2m | [22m[1mNames[22m         [2m | [22m [1mRaw size[22m
[32mchunk-75VI6EGW.js[39m  [2m | [22m[2mprivado-module[22m[2m | [22m  [36m1.69 MB[39m[2m | [22m
[32mchunk-YWL5NFRB.js[39m  [2m | [22m[2mpublico-module[22m[2m | [22m[36m200.02 kB[39m[2m | [22m
[32mchunk-TYPJFJQ7.js[39m  [2m | [22m[2m-[22m             [2m | [22m[36m131.96 kB[39m[2m | [22m

Application bundle generation complete. [5.675 seconds]

Page reload sent to client(s).
[33m>[39m Changes detected. Rebuilding...
[32m√[39m Changes detected. Rebuilding...
[1mInitial chunk files[22m[2m | [22m[1mNames[22m         [2m | [22m [1mRaw size[22m
[32mmain.js[39m            [2m | [22m[2mmain[22m          [2m | [22m [36m34.55 kB[39m[2m | [22m
[32mchunk-SDG6ZGDD.js[39m  [2m | [22m[2m-[22m             [2m | [22m [36m18.38 kB[39m[2m | [22m

[1mLazy chunk files[22m   [2m | [22m[1mNames[22m         [2m | [22m [1mRaw size[22m
[32mchunk-KXCSWX3A.js[39m  [2m | [22m[2mprivado-module[22m[2m | [22m  [36m1.65 MB[39m[2m | [22m
[32mchunk-D76NXR5I.js[39m  [2m | [22m[2mpublico-module[22m[2m | [22m[36m200.02 kB[39m[2m | [22m
[32mchunk-PT2G2LOS.js[39m  [2m | [22m[2m-[22m             [2m | [22m[36m131.93 kB[39m[2m | [22m

Application bundle generation complete. [5.757 seconds]

Page reload sent to client(s).
[33m>[39m Changes detected. Rebuilding...
[32m√[39m Changes detected. Rebuilding...
[1mInitial chunk files[22m[2m | [22m[1mNames[22m         [2m | [22m [1mRaw size[22m
[32mmain.js[39m            [2m | [22m[2mmain[22m          [2m | [22m [36m34.55 kB[39m[2m | [22m
[32mchunk-3G4YX53N.js[39m  [2m | [22m[2m-[22m             [2m | [22m [36m18.48 kB[39m[2m | [22m

[1mLazy chunk files[22m   [2m | [22m[1mNames[22m         [2m | [22m [1mRaw size[22m
[32mchunk-75VI6EGW.js[39m  [2m | [22m[2mprivado-module[22m[2m | [22m  [36m1.69 MB[39m[2m | [22m
[32mchunk-YWL5NFRB.js[39m  [2m | [22m[2mpublico-module[22m[2m | [22m[36m200.02 kB[39m[2m | [22m
[32mchunk-TYPJFJQ7.js[39m  [2m | [22m[2m-[22m             [2m | [22m[36m131.96 kB[39m[2m | [22m

Application bundle generation complete. [4.438 seconds]

Page reload sent to client(s).
