[1m[33mComponent HMR has been enabled, see https://angular.dev/hmr for more info.[39m[22m
[1m[33mCannot optimize dependency: [36mprimelocale/es.json[33m, present in client 'optimizeDeps.include'[39m[22m
[1m[33m[2m10:45:14 a.m.[22m[1m [33m[1m[vite][22m[1m[33m [33m[2m(client)[22m[1m[33m [33mwarning: 
[36mC:/Users/framirezr/workspace-cme/gui-web-cme/.angular/cache/19.2.16/gui-web-cme/vite/deps/ng2-pdf-viewer.js[33m
[0m12153|        const worker = yield import(
12154|          /*webpackIgnore: true*/
12155|          this.workerSrc
   |          ^^^^^^^^^^^^^^
12156|        );
12157|        return worker.WorkerMessageHandler;[0m[33m
The above dynamic import cannot be analyzed by Vite.
See [34mhttps://github.com/rollup/plugins/tree/master/packages/dynamic-import-vars#limitations[33m for supported dynamic import formats. If this is intended to be left as-is, you can use the /* @vite-ignore */ comment inside the import() call to suppress this warning.
[33m[33m
  Plugin: [35mvite:import-analysis[33m
  File: [36mC:/Users/framirezr/workspace-cme/gui-web-cme/.angular/cache/19.2.16/gui-web-cme/vite/deps/ng2-pdf-viewer.js?v=dcb6be6a[33m[39m[22m
[1m[33m[2m10:45:14 a.m.[22m[1m [33m[1m[vite][22m[1m[33m [33m[2m(client)[22m[1m[33m [33mwarning: 
[36mC:/Users/framirezr/workspace-cme/gui-web-cme/.angular/cache/19.2.16/gui-web-cme/vite/deps/ng2-pdf-viewer.js[33m
[0m26459|        const sandbox = import(
26460|          /*webpackIgnore: true*/
26461|          sandboxBundleSrc
   |          ^^^^^^^^^^^^^^^^
26462|        );
26463|        sandbox.then((pdfjsSandbox) => {[0m[33m
The above dynamic import cannot be analyzed by Vite.
See [34mhttps://github.com/rollup/plugins/tree/master/packages/dynamic-import-vars#limitations[33m for supported dynamic import formats. If this is intended to be left as-is, you can use the /* @vite-ignore */ comment inside the import() call to suppress this warning.
[33m[33m
  Plugin: [35mvite:import-analysis[33m
  File: [36mC:/Users/framirezr/workspace-cme/gui-web-cme/.angular/cache/19.2.16/gui-web-cme/vite/deps/ng2-pdf-viewer.js?v=dcb6be6a[33m[39m[22m
[1m[31m[31mX [41;31m[[41;97mERROR[41;31m][0m [1mTS2339: Property 'cargaPlaza' does not exist on type '{ publico: string; privado: string; inicioSesion: string; crearCuenta: string; registroMedico: string; recuperarContrasenia: string; nuevaContrasenia: string; documentacionAspirante: string; ... 15 more ...; nuevaPlaza: string; }'.[0m [1m[35m[plugin angular-compiler][0m

    src/app/pages/privado/privado-routing.module.ts:91:16:
[37m      91 │       path: NAV.[32mcargaPlaza[37m,
         ╵                 [32m~~~~~~~~~~[0m

[39m[22m
[1m[31m[31mX [41;31m[[41;97mERROR[41;31m][0m [1mTS2339: Property 'cargaPlaza' does not exist on type '{ publico: string; privado: string; inicioSesion: string; crearCuenta: string; registroMedico: string; recuperarContrasenia: string; nuevaContrasenia: string; documentacionAspirante: string; ... 15 more ...; nuevaPlaza: string; }'.[0m [1m[35m[plugin angular-compiler][0m

    src/app/pages/privado/privado-routing.module.ts:91:16:
[37m      91 │       path: NAV.[32mcargaPlaza[37m,
         ╵                 [32m~~~~~~~~~~[0m

[39m[22m
[1m[31m[31mX [41;31m[[41;97mERROR[41;31m][0m [1mTS2339: Property 'cargaPlaza' does not exist on type '{ publico: string; privado: string; inicioSesion: string; crearCuenta: string; registroMedico: string; recuperarContrasenia: string; nuevaContrasenia: string; documentacionAspirante: string; ... 16 more ...; generarNuevaPlaza: string; }'.[0m [1m[35m[plugin angular-compiler][0m

    src/app/pages/privado/privado-routing.module.ts:91:16:
[37m      91 │       path: NAV.[32mcargaPlaza[37m,
         ╵                 [32m~~~~~~~~~~[0m

[39m[22m
